// Jest Snapshot v1, https://goo.gl/fbAQLP

exports[`mainFrame reducer should initialize the state with the initial state 1`] = `
Object {
  "data": Array [
    Object {
      "24N-44N": -0.6,
      "24N-90N": -0.75,
      "24S-24N": -0.31,
      "24S-EQU": -0.3,
      "44N-64N": -0.84,
      "44S-24S": -0.23,
      "64N-90N": -1.18,
      "64S-44S": 0.07,
      "90S-24S": -0.25,
      "90S-64S": null,
      "EQU-24N": -0.3,
      "Glob": -0.42,
      "NHem": -0.66,
      "SHem": -0.25,
      "Year": 1880,
    },
    Object {
      "24N-44N": -0.3,
      "24N-90N": -0.54,
      "24S-24N": -0.3,
      "24S-EQU": -0.17,
      "44N-64N": -0.69,
      "44S-24S": -0.36,
      "64N-90N": -1.02,
      "64S-44S": -0.23,
      "90S-24S": -0.42,
      "90S-64S": null,
      "EQU-24N": -0.3,
      "Glob": -0.38,
      "NHem": -0.5,
      "SHem": -0.36,
      "Year": 1881,
    },
    Object {
      "24N-44N": -0.42,
      "24N-90N": -0.56,
      "24S-24N": -0.13,
      "24S-EQU": -0.07,
      "44N-64N": -0.43,
      "44S-24S": -0.24,
      "64N-90N": -1.47,
      "64S-44S": -0.09,
      "90S-24S": -0.29,
      "90S-64S": null,
      "EQU-24N": -0.13,
      "Glob": -0.29,
      "NHem": -0.48,
      "SHem": -0.22,
      "Year": 1882,
    },
    Object {
      "24N-44N": -0.69,
      "24N-90N": -0.77,
      "24S-24N": -0.21,
      "24S-EQU": 0.04,
      "44N-64N": -1,
      "44S-24S": -0.13,
      "64N-90N": -0.32,
      "64S-44S": 0.28,
      "90S-24S": -0.13,
      "90S-64S": null,
      "EQU-24N": -0.27,
      "Glob": -0.32,
      "NHem": -0.67,
      "SHem": -0.08,
      "Year": 1883,
    },
    Object {
      "24N-44N": -0.84,
      "24N-90N": -0.99,
      "24S-24N": -0.48,
      "24S-EQU": -0.36,
      "44N-64N": -1.06,
      "44S-24S": -0.28,
      "64N-90N": -1.32,
      "64S-44S": -0.63,
      "90S-24S": -0.42,
      "90S-64S": null,
      "EQU-24N": -0.49,
      "Glob": -0.59,
      "NHem": -0.89,
      "SHem": -0.4,
      "Year": 1884,
    },
    Object {
      "24N-44N": -0.63,
      "24N-90N": -0.81,
      "24S-24N": -0.21,
      "24S-EQU": -0.28,
      "44N-64N": -0.82,
      "44S-24S": -0.29,
      "64N-90N": -1.37,
      "64S-44S": -0.41,
      "90S-24S": -0.39,
      "90S-64S": null,
      "EQU-24N": -0.17,
      "Glob": -0.45,
      "NHem": -0.7,
      "SHem": -0.35,
      "Year": 1885,
    },
    Object {
      "24N-44N": -0.67,
      "24N-90N": -0.74,
      "24S-24N": -0.47,
      "24S-EQU": -0.72,
      "44N-64N": -0.66,
      "44S-24S": -0.41,
      "64N-90N": -1.27,
      "64S-44S": -0.46,
      "90S-24S": -0.49,
      "90S-64S": null,
      "EQU-24N": -0.38,
      "Glob": -0.59,
      "NHem": -0.67,
      "SHem": -0.54,
      "Year": 1886,
    },
    Object {
      "24N-44N": -0.47,
      "24N-90N": -0.77,
      "24S-24N": -0.58,
      "24S-EQU": -0.82,
      "44N-64N": -0.83,
      "44S-24S": -0.55,
      "64N-90N": -1.64,
      "64S-44S": -0.21,
      "90S-24S": -0.56,
      "90S-64S": null,
      "EQU-24N": -0.48,
      "Glob": -0.66,
      "NHem": -0.71,
      "SHem": -0.63,
      "Year": 1887,
    },
    Object {
      "24N-44N": -0.48,
      "24N-90N": -0.8,
      "24S-24N": -0.26,
      "24S-EQU": -0.25,
      "44N-64N": -0.93,
      "44S-24S": -0.1,
      "64N-90N": -1.58,
      "64S-44S": -0.65,
      "90S-24S": -0.34,
      "90S-64S": null,
      "EQU-24N": -0.25,
      "Glob": -0.44,
      "NHem": -0.69,
      "SHem": -0.31,
      "Year": 1888,
    },
    Object {
      "24N-44N": -0.38,
      "24N-90N": -0.46,
      "24S-24N": 0.03,
      "24S-EQU": 0.17,
      "44N-64N": -0.46,
      "44S-24S": -0.16,
      "64N-90N": -0.76,
      "64S-44S": -0.33,
      "90S-24S": -0.28,
      "90S-64S": null,
      "EQU-24N": -0.03,
      "Glob": -0.19,
      "NHem": -0.37,
      "SHem": -0.12,
      "Year": 1889,
    },
    Object {
      "24N-44N": -0.32,
      "24N-90N": -0.61,
      "24S-24N": -0.6,
      "24S-EQU": -0.9,
      "44N-64N": -0.74,
      "44S-24S": -0.48,
      "64N-90N": -1.16,
      "64S-44S": -0.01,
      "90S-24S": -0.41,
      "90S-64S": null,
      "EQU-24N": -0.39,
      "Glob": -0.56,
      "NHem": -0.56,
      "SHem": -0.62,
      "Year": 1890,
    },
    Object {
      "24N-44N": -0.51,
      "24N-90N": -0.63,
      "24S-24N": -0.57,
      "24S-EQU": -1.1,
      "44N-64N": -0.51,
      "44S-24S": -0.42,
      "64N-90N": -1.35,
      "64S-44S": -0.27,
      "90S-24S": -0.45,
      "90S-64S": null,
      "EQU-24N": -0.22,
      "Glob": -0.59,
      "NHem": -0.54,
      "SHem": -0.73,
      "Year": 1891,
    },
    Object {
      "24N-44N": -0.36,
      "24N-90N": -0.65,
      "24S-24N": -0.4,
      "24S-EQU": -0.55,
      "44N-64N": -0.72,
      "44S-24S": -0.46,
      "64N-90N": -1.48,
      "64S-44S": -0.09,
      "90S-24S": -0.43,
      "90S-64S": null,
      "EQU-24N": -0.26,
      "Glob": -0.49,
      "NHem": -0.56,
      "SHem": -0.5,
      "Year": 1892,
    },
    Object {
      "24N-44N": -0.51,
      "24N-90N": -0.62,
      "24S-24N": -0.58,
      "24S-EQU": -0.75,
      "44N-64N": -0.59,
      "44S-24S": -0.51,
      "64N-90N": -1.03,
      "64S-44S": 0.39,
      "90S-24S": -0.32,
      "90S-64S": null,
      "EQU-24N": -0.42,
      "Glob": -0.52,
      "NHem": -0.58,
      "SHem": -0.54,
      "Year": 1893,
    },
    Object {
      "24N-44N": -0.3,
      "24N-90N": -0.52,
      "24S-24N": -0.5,
      "24S-EQU": -0.69,
      "44N-64N": -0.47,
      "44S-24S": -0.35,
      "64N-90N": -1.24,
      "64S-44S": 0.32,
      "90S-24S": -0.22,
      "90S-64S": null,
      "EQU-24N": -0.33,
      "Glob": -0.43,
      "NHem": -0.48,
      "SHem": -0.47,
      "Year": 1894,
    },
    Object {
      "24N-44N": -0.34,
      "24N-90N": -0.53,
      "24S-24N": -0.33,
      "24S-EQU": -0.47,
      "44N-64N": -0.56,
      "44S-24S": -0.2,
      "64N-90N": -0.94,
      "64S-44S": 0.1,
      "90S-24S": -0.17,
      "90S-64S": null,
      "EQU-24N": -0.21,
      "Glob": -0.35,
      "NHem": -0.45,
      "SHem": -0.32,
      "Year": 1895,
    },
    Object {
      "24N-44N": -0.23,
      "24N-90N": -0.56,
      "24S-24N": -0.28,
      "24S-EQU": -0.59,
      "44N-64N": -0.67,
      "44S-24S": -0.08,
      "64N-90N": -1.22,
      "64S-44S": 0.12,
      "90S-24S": -0.08,
      "90S-64S": null,
      "EQU-24N": 0,
      "Glob": -0.31,
      "NHem": -0.42,
      "SHem": -0.35,
      "Year": 1896,
    },
    Object {
      "24N-44N": -0.27,
      "24N-90N": -0.38,
      "24S-24N": -0.02,
      "24S-EQU": -0.14,
      "44N-64N": -0.35,
      "44S-24S": -0.17,
      "64N-90N": -0.78,
      "64S-44S": -0.35,
      "90S-24S": -0.3,
      "90S-64S": null,
      "EQU-24N": 0.09,
      "Glob": -0.22,
      "NHem": -0.27,
      "SHem": -0.23,
      "Year": 1897,
    },
    Object {
      "24N-44N": -0.2,
      "24N-90N": -0.41,
      "24S-24N": -0.33,
      "24S-EQU": -0.5,
      "44N-64N": -0.29,
      "44S-24S": -0.29,
      "64N-90N": -1.25,
      "64S-44S": -0.43,
      "90S-24S": -0.4,
      "90S-64S": null,
      "EQU-24N": -0.17,
      "Glob": -0.38,
      "NHem": -0.35,
      "SHem": -0.46,
      "Year": 1898,
    },
    Object {
      "24N-44N": -0.06,
      "24N-90N": -0.28,
      "24S-24N": -0.32,
      "24S-EQU": -0.67,
      "44N-64N": -0.16,
      "44S-24S": -0.2,
      "64N-90N": -1.18,
      "64S-44S": -0.31,
      "90S-24S": -0.3,
      "90S-64S": null,
      "EQU-24N": 0.01,
      "Glob": -0.31,
      "NHem": -0.21,
      "SHem": -0.49,
      "Year": 1899,
    },
    Object {
      "24N-44N": -0.08,
      "24N-90N": -0.21,
      "24S-24N": -0.04,
      "24S-EQU": -0.11,
      "44N-64N": -0.14,
      "44S-24S": -0.11,
      "64N-90N": -0.71,
      "64S-44S": -0.34,
      "90S-24S": -0.25,
      "90S-64S": null,
      "EQU-24N": 0.03,
      "Glob": -0.15,
      "NHem": -0.15,
      "SHem": -0.19,
      "Year": 1900,
    },
    Object {
      "24N-44N": -0.19,
      "24N-90N": -0.15,
      "24S-24N": -0.14,
      "24S-EQU": -0.25,
      "44N-64N": 0.06,
      "44S-24S": -0.09,
      "64N-90N": -0.55,
      "64S-44S": 0.12,
      "90S-24S": -0.11,
      "90S-64S": null,
      "EQU-24N": -0.03,
      "Glob": -0.14,
      "NHem": -0.12,
      "SHem": -0.18,
      "Year": 1901,
    },
    Object {
      "24N-44N": -0.25,
      "24N-90N": -0.64,
      "24S-24N": -0.09,
      "24S-EQU": -0.19,
      "44N-64N": -0.63,
      "44S-24S": -0.25,
      "64N-90N": -1.72,
      "64S-44S": -0.61,
      "90S-24S": -0.42,
      "90S-64S": null,
      "EQU-24N": 0,
      "Glob": -0.36,
      "NHem": -0.48,
      "SHem": -0.31,
      "Year": 1902,
    },
    Object {
      "24N-44N": -0.54,
      "24N-90N": -0.48,
      "24S-24N": -0.3,
      "24S-EQU": -0.41,
      "44N-64N": -0.36,
      "44S-24S": -0.47,
      "64N-90N": -0.57,
      "64S-44S": -0.4,
      "90S-24S": -0.53,
      "90S-64S": -1.35,
      "EQU-24N": -0.19,
      "Glob": -0.42,
      "NHem": -0.41,
      "SHem": -0.47,
      "Year": 1903,
    },
    Object {
      "24N-44N": -0.51,
      "24N-90N": -0.48,
      "24S-24N": -0.62,
      "24S-EQU": -0.77,
      "44N-64N": -0.46,
      "44S-24S": -0.38,
      "64N-90N": -0.43,
      "64S-44S": -0.38,
      "90S-24S": -0.48,
      "90S-64S": -1.72,
      "EQU-24N": -0.48,
      "Glob": -0.54,
      "NHem": -0.48,
      "SHem": -0.62,
      "Year": 1904,
    },
    Object {
      "24N-44N": -0.6,
      "24N-90N": -0.4,
      "24S-24N": -0.26,
      "24S-EQU": -0.28,
      "44N-64N": -0.21,
      "44S-24S": -0.4,
      "64N-90N": -0.27,
      "64S-44S": -0.32,
      "90S-24S": -0.45,
      "90S-64S": -0.91,
      "EQU-24N": -0.24,
      "Glob": -0.36,
      "NHem": -0.35,
      "SHem": -0.38,
      "Year": 1905,
    },
    Object {
      "24N-44N": -0.32,
      "24N-90N": -0.23,
      "24S-24N": -0.21,
      "24S-EQU": -0.24,
      "44N-64N": -0.03,
      "44S-24S": -0.19,
      "64N-90N": -0.46,
      "64S-44S": -0.28,
      "90S-24S": -0.3,
      "90S-64S": -0.96,
      "EQU-24N": -0.17,
      "Glob": -0.24,
      "NHem": -0.21,
      "SHem": -0.28,
      "Year": 1906,
    },
    Object {
      "24N-44N": -0.53,
      "24N-90N": -0.7,
      "24S-24N": -0.47,
      "24S-EQU": -0.56,
      "44N-64N": -0.86,
      "44S-24S": -0.43,
      "64N-90N": -0.81,
      "64S-44S": -0.22,
      "90S-24S": -0.45,
      "90S-64S": -1.29,
      "EQU-24N": -0.39,
      "Glob": -0.54,
      "NHem": -0.61,
      "SHem": -0.51,
      "Year": 1907,
    },
    Object {
      "24N-44N": -0.4,
      "24N-90N": -0.44,
      "24S-24N": -0.43,
      "24S-EQU": -0.55,
      "44N-64N": -0.45,
      "44S-24S": -0.47,
      "64N-90N": -0.52,
      "64S-44S": 0.17,
      "90S-24S": -0.32,
      "90S-64S": 0.69,
      "EQU-24N": -0.32,
      "Glob": -0.4,
      "NHem": -0.4,
      "SHem": -0.43,
      "Year": 1908,
    },
    Object {
      "24N-44N": -0.36,
      "24N-90N": -0.49,
      "24S-24N": -0.35,
      "24S-EQU": -0.46,
      "44N-64N": -0.5,
      "44S-24S": -0.48,
      "64N-90N": -0.89,
      "64S-44S": -0.05,
      "90S-24S": -0.42,
      "90S-64S": -0.81,
      "EQU-24N": -0.26,
      "Glob": -0.42,
      "NHem": -0.43,
      "SHem": -0.44,
      "Year": 1909,
    },
    Object {
      "24N-44N": -0.39,
      "24N-90N": -0.37,
      "24S-24N": -0.44,
      "24S-EQU": -0.45,
      "44N-64N": -0.17,
      "44S-24S": -0.26,
      "64N-90N": -0.79,
      "64S-44S": 0.02,
      "90S-24S": -0.22,
      "90S-64S": 0.3,
      "EQU-24N": -0.42,
      "Glob": -0.35,
      "NHem": -0.39,
      "SHem": -0.34,
      "Year": 1910,
    },
    Object {
      "24N-44N": -0.38,
      "24N-90N": -0.35,
      "24S-24N": -0.38,
      "24S-EQU": -0.43,
      "44N-64N": -0.32,
      "44S-24S": -0.37,
      "64N-90N": -0.36,
      "64S-44S": -0.07,
      "90S-24S": -0.34,
      "90S-64S": -0.17,
      "EQU-24N": -0.34,
      "Glob": -0.36,
      "NHem": -0.35,
      "SHem": -0.39,
      "Year": 1911,
    },
    Object {
      "24N-44N": -0.57,
      "24N-90N": -0.64,
      "24S-24N": -0.19,
      "24S-EQU": -0.12,
      "44N-64N": -0.68,
      "44S-24S": -0.03,
      "64N-90N": -0.77,
      "64S-44S": -0.37,
      "90S-24S": -0.25,
      "90S-64S": -2.15,
      "EQU-24N": -0.24,
      "Glob": -0.34,
      "NHem": -0.52,
      "SHem": -0.19,
      "Year": 1912,
    },
    Object {
      "24N-44N": -0.43,
      "24N-90N": -0.41,
      "24S-24N": -0.4,
      "24S-EQU": -0.29,
      "44N-64N": -0.25,
      "44S-24S": 0,
      "64N-90N": -0.72,
      "64S-44S": -0.31,
      "90S-24S": -0.18,
      "90S-64S": -1.36,
      "EQU-24N": -0.49,
      "Glob": -0.33,
      "NHem": -0.44,
      "SHem": -0.24,
      "Year": 1913,
    },
    Object {
      "24N-44N": -0.16,
      "24N-90N": -0.2,
      "24S-24N": -0.12,
      "24S-EQU": -0.09,
      "44N-64N": -0.05,
      "44S-24S": 0.16,
      "64N-90N": -0.67,
      "64S-44S": 0.1,
      "90S-24S": 0.07,
      "90S-64S": -0.33,
      "EQU-24N": -0.13,
      "Glob": -0.08,
      "NHem": -0.18,
      "SHem": -0.01,
      "Year": 1914,
    },
    Object {
      "24N-44N": -0.03,
      "24N-90N": -0.16,
      "24S-24N": 0.12,
      "24S-EQU": 0.12,
      "44N-64N": -0.04,
      "44S-24S": -0.03,
      "64N-90N": -0.77,
      "64S-44S": -0.42,
      "90S-24S": -0.26,
      "90S-64S": -2.67,
      "EQU-24N": 0.14,
      "Glob": -0.08,
      "NHem": -0.07,
      "SHem": -0.08,
      "Year": 1915,
    },
    Object {
      "24N-44N": -0.2,
      "24N-90N": -0.33,
      "24S-24N": -0.28,
      "24S-EQU": -0.24,
      "44N-64N": -0.44,
      "44S-24S": -0.24,
      "64N-90N": -0.44,
      "64S-44S": -0.1,
      "90S-24S": -0.31,
      "90S-64S": -1.84,
      "EQU-24N": -0.3,
      "Glob": -0.3,
      "NHem": -0.32,
      "SHem": -0.28,
      "Year": 1916,
    },
    Object {
      "24N-44N": -0.62,
      "24N-90N": -0.64,
      "24S-24N": -0.6,
      "24S-EQU": -0.6,
      "44N-64N": -0.58,
      "44S-24S": -0.49,
      "64N-90N": -0.86,
      "64S-44S": 0.49,
      "90S-24S": -0.27,
      "90S-64S": 0.31,
      "EQU-24N": -0.59,
      "Glob": -0.51,
      "NHem": -0.63,
      "SHem": -0.43,
      "Year": 1917,
    },
    Object {
      "24N-44N": -0.33,
      "24N-90N": -0.46,
      "24S-24N": -0.49,
      "24S-EQU": -0.55,
      "44N-64N": -0.27,
      "44S-24S": -0.29,
      "64N-90N": -1.26,
      "64S-44S": -0.04,
      "90S-24S": -0.28,
      "90S-64S": -0.13,
      "EQU-24N": -0.43,
      "Glob": -0.42,
      "NHem": -0.45,
      "SHem": -0.42,
      "Year": 1918,
    },
    Object {
      "24N-44N": -0.23,
      "24N-90N": -0.48,
      "24S-24N": -0.07,
      "24S-EQU": -0.11,
      "44N-64N": -0.57,
      "44S-24S": 0.05,
      "64N-90N": -0.99,
      "64S-44S": 0.01,
      "90S-24S": -0.02,
      "90S-64S": 0.13,
      "EQU-24N": -0.04,
      "Glob": -0.18,
      "NHem": -0.35,
      "SHem": -0.07,
      "Year": 1919,
    },
    Object {
      "24N-44N": -0.41,
      "24N-90N": -0.22,
      "24S-24N": -0.28,
      "24S-EQU": -0.18,
      "44N-64N": -0.08,
      "44S-24S": -0.17,
      "64N-90N": 0,
      "64S-44S": -0.32,
      "90S-24S": -0.3,
      "90S-64S": -1.07,
      "EQU-24N": -0.35,
      "Glob": -0.26,
      "NHem": -0.26,
      "SHem": -0.25,
      "Year": 1920,
    },
    Object {
      "24N-44N": -0.11,
      "24N-90N": 0,
      "24S-24N": -0.23,
      "24S-EQU": -0.19,
      "44N-64N": 0.21,
      "44S-24S": -0.08,
      "64N-90N": -0.13,
      "64S-44S": -0.22,
      "90S-24S": -0.2,
      "90S-64S": -0.96,
      "EQU-24N": -0.25,
      "Glob": -0.15,
      "NHem": -0.08,
      "SHem": -0.2,
      "Year": 1921,
    },
    Object {
      "24N-44N": -0.1,
      "24N-90N": -0.26,
      "24S-24N": -0.23,
      "24S-EQU": -0.2,
      "44N-64N": -0.37,
      "44S-24S": -0.17,
      "64N-90N": -0.45,
      "64S-44S": 0.04,
      "90S-24S": -0.19,
      "90S-64S": -0.54,
      "EQU-24N": -0.25,
      "Glob": -0.22,
      "NHem": -0.26,
      "SHem": -0.2,
      "Year": 1922,
    },
    Object {
      "24N-44N": -0.28,
      "24N-90N": -0.12,
      "24S-24N": -0.26,
      "24S-EQU": -0.27,
      "44N-64N": -0.01,
      "44S-24S": -0.2,
      "64N-90N": 0.07,
      "64S-44S": -0.52,
      "90S-24S": -0.36,
      "90S-64S": -0.56,
      "EQU-24N": -0.24,
      "Glob": -0.25,
      "NHem": -0.16,
      "SHem": -0.32,
      "Year": 1923,
    },
    Object {
      "24N-44N": -0.27,
      "24N-90N": -0.11,
      "24S-24N": -0.12,
      "24S-EQU": -0.13,
      "44N-64N": -0.06,
      "44S-24S": -0.39,
      "64N-90N": 0.2,
      "64S-44S": -0.24,
      "90S-24S": -0.44,
      "90S-64S": -1.46,
      "EQU-24N": -0.11,
      "Glob": -0.21,
      "NHem": -0.11,
      "SHem": -0.28,
      "Year": 1924,
    },
    Object {
      "24N-44N": -0.17,
      "24N-90N": -0.01,
      "24S-24N": -0.26,
      "24S-EQU": -0.33,
      "44N-64N": 0.3,
      "44S-24S": -0.36,
      "64N-90N": -0.25,
      "64S-44S": -0.44,
      "90S-24S": -0.46,
      "90S-64S": -0.83,
      "EQU-24N": -0.2,
      "Glob": -0.25,
      "NHem": -0.07,
      "SHem": -0.4,
      "Year": 1925,
    },
    Object {
      "24N-44N": -0.17,
      "24N-90N": 0.1,
      "24S-24N": 0.02,
      "24S-EQU": 0.01,
      "44N-64N": 0.32,
      "44S-24S": -0.02,
      "64N-90N": 0.35,
      "64S-44S": -0.46,
      "90S-24S": -0.22,
      "90S-64S": -0.71,
      "EQU-24N": 0.03,
      "Glob": -0.03,
      "NHem": 0.08,
      "SHem": -0.1,
      "Year": 1926,
    },
    Object {
      "24N-44N": -0.06,
      "24N-90N": -0.12,
      "24S-24N": -0.06,
      "24S-EQU": -0.15,
      "44N-64N": -0.15,
      "44S-24S": -0.14,
      "64N-90N": -0.19,
      "64S-44S": -0.58,
      "90S-24S": -0.36,
      "90S-64S": -1.83,
      "EQU-24N": 0.03,
      "Glob": -0.17,
      "NHem": -0.07,
      "SHem": -0.26,
      "Year": 1927,
    },
    Object {
      "24N-44N": -0.17,
      "24N-90N": 0.01,
      "24S-24N": 0.02,
      "24S-EQU": 0,
      "44N-64N": 0.01,
      "44S-24S": -0.14,
      "64N-90N": 0.51,
      "64S-44S": -0.44,
      "90S-24S": -0.35,
      "90S-64S": -3.02,
      "EQU-24N": 0.05,
      "Glob": -0.09,
      "NHem": 0.02,
      "SHem": -0.17,
      "Year": 1928,
    },
    Object {
      "24N-44N": -0.39,
      "24N-90N": -0.35,
      "24S-24N": -0.22,
      "24S-EQU": -0.31,
      "44N-64N": -0.43,
      "44S-24S": -0.33,
      "64N-90N": -0.05,
      "64S-44S": -0.34,
      "90S-24S": -0.43,
      "90S-64S": -1.84,
      "EQU-24N": -0.15,
      "Glob": -0.33,
      "NHem": -0.28,
      "SHem": -0.38,
      "Year": 1929,
    },
    Object {
      "24N-44N": -0.07,
      "24N-90N": 0.09,
      "24S-24N": -0.15,
      "24S-EQU": -0.26,
      "44N-64N": 0.17,
      "44S-24S": -0.07,
      "64N-90N": 0.36,
      "64S-44S": -0.67,
      "90S-24S": -0.37,
      "90S-64S": -3.31,
      "EQU-24N": -0.06,
      "Glob": -0.15,
      "NHem": 0.04,
      "SHem": -0.32,
      "Year": 1930,
    },
    Object {
      "24N-44N": -0.01,
      "24N-90N": 0.09,
      "24S-24N": 0.01,
      "24S-EQU": -0.1,
      "44N-64N": 0.11,
      "44S-24S": -0.37,
      "64N-90N": 0.33,
      "64S-44S": -0.23,
      "90S-24S": -0.41,
      "90S-64S": -0.78,
      "EQU-24N": 0.1,
      "Glob": -0.09,
      "NHem": 0.1,
      "SHem": -0.25,
      "Year": 1931,
    },
    Object {
      "24N-44N": -0.15,
      "24N-90N": 0.08,
      "24S-24N": -0.18,
      "24S-EQU": -0.23,
      "44N-64N": 0.3,
      "44S-24S": -0.09,
      "64N-90N": 0.19,
      "64S-44S": -0.22,
      "90S-24S": -0.22,
      "90S-64S": -1.36,
      "EQU-24N": -0.12,
      "Glob": -0.11,
      "NHem": 0,
      "SHem": -0.23,
      "Year": 1932,
    },
    Object {
      "24N-44N": -0.18,
      "24N-90N": -0.32,
      "24S-24N": -0.19,
      "24S-EQU": -0.23,
      "44N-64N": -0.42,
      "44S-24S": -0.12,
      "64N-90N": -0.43,
      "64S-44S": -0.24,
      "90S-24S": -0.25,
      "90S-64S": -1.39,
      "EQU-24N": -0.14,
      "Glob": -0.25,
      "NHem": -0.26,
      "SHem": -0.25,
      "Year": 1933,
    },
    Object {
      "24N-44N": -0.11,
      "24N-90N": 0.24,
      "24S-24N": -0.26,
      "24S-EQU": -0.28,
      "44N-64N": 0.49,
      "44S-24S": -0.2,
      "64N-90N": 0.64,
      "64S-44S": -0.05,
      "90S-24S": -0.24,
      "90S-64S": -0.83,
      "EQU-24N": -0.24,
      "Glob": -0.1,
      "NHem": 0.07,
      "SHem": -0.27,
      "Year": 1934,
    },
    Object {
      "24N-44N": -0.17,
      "24N-90N": -0.02,
      "24S-24N": -0.2,
      "24S-EQU": -0.22,
      "44N-64N": 0.12,
      "44S-24S": -0.32,
      "64N-90N": 0.11,
      "64S-44S": -0.52,
      "90S-24S": -0.47,
      "90S-64S": -1.63,
      "EQU-24N": -0.18,
      "Glob": -0.22,
      "NHem": -0.07,
      "SHem": -0.34,
      "Year": 1935,
    },
    Object {
      "24N-44N": -0.16,
      "24N-90N": 0,
      "24S-24N": -0.09,
      "24S-EQU": -0.14,
      "44N-64N": 0.15,
      "44S-24S": -0.17,
      "64N-90N": 0.12,
      "64S-44S": 0.01,
      "90S-24S": -0.18,
      "90S-64S": 0.09,
      "EQU-24N": -0.04,
      "Glob": -0.09,
      "NHem": -0.01,
      "SHem": -0.17,
      "Year": 1936,
    },
    Object {
      "24N-44N": 0.03,
      "24N-90N": 0.25,
      "24S-24N": -0.02,
      "24S-EQU": -0.1,
      "44N-64N": 0.19,
      "44S-24S": -0.19,
      "64N-90N": 1,
      "64S-44S": -0.14,
      "90S-24S": -0.22,
      "90S-64S": 0.68,
      "EQU-24N": 0.05,
      "Glob": 0,
      "NHem": 0.18,
      "SHem": -0.16,
      "Year": 1937,
    },
    Object {
      "24N-44N": 0.1,
      "24N-90N": 0.43,
      "24S-24N": -0.11,
      "24S-EQU": -0.13,
      "44N-64N": 0.52,
      "44S-24S": 0.02,
      "64N-90N": 1.14,
      "64S-44S": -0.11,
      "90S-24S": -0.11,
      "90S-64S": -1.2,
      "EQU-24N": -0.1,
      "Glob": 0.05,
      "NHem": 0.25,
      "SHem": -0.13,
      "Year": 1938,
    },
    Object {
      "24N-44N": 0.1,
      "24N-90N": 0.25,
      "24S-24N": -0.18,
      "24S-EQU": -0.23,
      "44N-64N": 0.35,
      "44S-24S": -0.14,
      "64N-90N": 0.43,
      "64S-44S": -0.71,
      "90S-24S": -0.4,
      "90S-64S": -2.02,
      "EQU-24N": -0.13,
      "Glob": -0.12,
      "NHem": 0.12,
      "SHem": -0.32,
      "Year": 1939,
    },
    Object {
      "24N-44N": -0.04,
      "24N-90N": 0.17,
      "24S-24N": 0.04,
      "24S-EQU": 0.05,
      "44N-64N": 0.16,
      "44S-24S": 0.09,
      "64N-90N": 0.76,
      "64S-44S": 0.01,
      "90S-24S": 0,
      "90S-64S": -0.1,
      "EQU-24N": 0.04,
      "Glob": 0.07,
      "NHem": 0.13,
      "SHem": 0.02,
      "Year": 1940,
    },
    Object {
      "24N-44N": 0.17,
      "24N-90N": -0.01,
      "24S-24N": 0.19,
      "24S-EQU": 0.13,
      "44N-64N": -0.09,
      "44S-24S": -0.01,
      "64N-90N": -0.3,
      "64S-44S": -0.26,
      "90S-24S": -0.16,
      "90S-64S": -0.54,
      "EQU-24N": 0.25,
      "Glob": 0.03,
      "NHem": 0.08,
      "SHem": -0.01,
      "Year": 1941,
    },
    Object {
      "24N-44N": 0.05,
      "24N-90N": 0.05,
      "24S-24N": 0.09,
      "24S-EQU": 0.11,
      "44N-64N": 0,
      "44S-24S": 0.08,
      "64N-90N": 0.2,
      "64S-44S": -0.18,
      "90S-24S": -0.09,
      "90S-64S": -1.38,
      "EQU-24N": 0.07,
      "Glob": 0.03,
      "NHem": 0.06,
      "SHem": 0.01,
      "Year": 1942,
    },
    Object {
      "24N-44N": -0.05,
      "24N-90N": 0.3,
      "24S-24N": -0.23,
      "24S-EQU": -0.17,
      "44N-64N": 0.35,
      "44S-24S": -0.09,
      "64N-90N": 1.12,
      "64S-44S": 0.19,
      "90S-24S": -0.06,
      "90S-64S": 1.06,
      "EQU-24N": -0.28,
      "Glob": -0.02,
      "NHem": 0.1,
      "SHem": -0.12,
      "Year": 1943,
    },
    Object {
      "24N-44N": -0.12,
      "24N-90N": 0.26,
      "24S-24N": -0.07,
      "24S-EQU": -0.04,
      "44N-64N": 0.43,
      "44S-24S": 0.12,
      "64N-90N": 0.94,
      "64S-44S": -0.18,
      "90S-24S": -0.04,
      "90S-64S": -0.43,
      "EQU-24N": -0.1,
      "Glob": 0.04,
      "NHem": 0.14,
      "SHem": -0.05,
      "Year": 1944,
    },
    Object {
      "24N-44N": -0.14,
      "24N-90N": -0.03,
      "24S-24N": -0.08,
      "24S-EQU": -0.07,
      "44N-64N": -0.08,
      "44S-24S": 0.08,
      "64N-90N": 0.38,
      "64S-44S": -0.52,
      "90S-24S": -0.22,
      "90S-64S": -2.53,
      "EQU-24N": -0.09,
      "Glob": -0.11,
      "NHem": -0.05,
      "SHem": -0.15,
      "Year": 1945,
    },
    Object {
      "24N-44N": 0.21,
      "24N-90N": 0.06,
      "24S-24N": -0.08,
      "24S-EQU": -0.17,
      "44N-64N": -0.03,
      "44S-24S": -0.18,
      "64N-90N": -0.15,
      "64S-44S": -0.45,
      "90S-24S": -0.3,
      "90S-64S": 0.1,
      "EQU-24N": 0.01,
      "Glob": -0.11,
      "NHem": 0.04,
      "SHem": -0.24,
      "Year": 1946,
    },
    Object {
      "24N-44N": 0.1,
      "24N-90N": 0.16,
      "24S-24N": -0.01,
      "24S-EQU": -0.03,
      "44N-64N": -0.07,
      "44S-24S": -0.09,
      "64N-90N": 0.82,
      "64S-44S": 0,
      "90S-24S": -0.14,
      "90S-64S": -0.27,
      "EQU-24N": 0.02,
      "Glob": 0.01,
      "NHem": 0.11,
      "SHem": -0.09,
      "Year": 1947,
    },
    Object {
      "24N-44N": 0.02,
      "24N-90N": 0.15,
      "24S-24N": -0.14,
      "24S-EQU": -0.16,
      "44N-64N": 0.32,
      "44S-24S": -0.16,
      "64N-90N": 0.11,
      "64S-44S": -0.48,
      "90S-24S": -0.36,
      "90S-64S": -1.55,
      "EQU-24N": -0.11,
      "Glob": -0.12,
      "NHem": 0.05,
      "SHem": -0.26,
      "Year": 1948,
    },
    Object {
      "24N-44N": -0.07,
      "24N-90N": 0.04,
      "24S-24N": -0.15,
      "24S-EQU": -0.13,
      "44N-64N": 0.12,
      "44S-24S": -0.1,
      "64N-90N": 0.18,
      "64S-44S": -0.49,
      "90S-24S": -0.34,
      "90S-64S": -2.4,
      "EQU-24N": -0.16,
      "Glob": -0.15,
      "NHem": -0.03,
      "SHem": -0.24,
      "Year": 1949,
    },
    Object {
      "24N-44N": -0.12,
      "24N-90N": -0.15,
      "24S-24N": -0.29,
      "24S-EQU": -0.31,
      "44N-64N": -0.29,
      "44S-24S": -0.07,
      "64N-90N": 0.05,
      "64S-44S": -0.48,
      "90S-24S": -0.29,
      "90S-64S": -1.08,
      "EQU-24N": -0.28,
      "Glob": -0.25,
      "NHem": -0.2,
      "SHem": -0.31,
      "Year": 1950,
    },
    Object {
      "24N-44N": 0.09,
      "24N-90N": 0.05,
      "24S-24N": -0.11,
      "24S-EQU": -0.16,
      "44N-64N": 0.04,
      "44S-24S": -0.19,
      "64N-90N": -0.04,
      "64S-44S": -0.06,
      "90S-24S": -0.2,
      "90S-64S": -0.17,
      "EQU-24N": -0.06,
      "Glob": -0.09,
      "NHem": 0.01,
      "SHem": -0.19,
      "Year": 1951,
    },
    Object {
      "24N-44N": 0.18,
      "24N-90N": 0.06,
      "24S-24N": 0.01,
      "24S-EQU": 0.05,
      "44N-64N": -0.1,
      "44S-24S": -0.18,
      "64N-90N": 0.09,
      "64S-44S": -0.12,
      "90S-24S": -0.24,
      "90S-64S": -0.69,
      "EQU-24N": -0.01,
      "Glob": -0.05,
      "NHem": 0.04,
      "SHem": -0.1,
      "Year": 1952,
    },
    Object {
      "24N-44N": 0.23,
      "24N-90N": 0.38,
      "24S-24N": 0.01,
      "24S-EQU": -0.02,
      "44N-64N": 0.36,
      "44S-24S": -0.14,
      "64N-90N": 0.84,
      "64S-44S": -0.18,
      "90S-24S": -0.28,
      "90S-64S": -2.02,
      "EQU-24N": 0.05,
      "Glob": 0.04,
      "NHem": 0.26,
      "SHem": -0.15,
      "Year": 1953,
    },
    Object {
      "24N-44N": -0.02,
      "24N-90N": 0,
      "24S-24N": -0.15,
      "24S-EQU": -0.17,
      "44N-64N": -0.27,
      "44S-24S": -0.16,
      "64N-90N": 0.55,
      "64S-44S": -0.27,
      "90S-24S": -0.29,
      "90S-64S": -0.84,
      "EQU-24N": -0.14,
      "Glob": -0.15,
      "NHem": -0.05,
      "SHem": -0.23,
      "Year": 1954,
    },
    Object {
      "24N-44N": 0.15,
      "24N-90N": -0.05,
      "24S-24N": -0.25,
      "24S-EQU": -0.26,
      "44N-64N": -0.12,
      "44S-24S": -0.3,
      "64N-90N": -0.48,
      "64S-44S": 0.12,
      "90S-24S": -0.07,
      "90S-64S": 1.23,
      "EQU-24N": -0.24,
      "Glob": -0.14,
      "NHem": -0.12,
      "SHem": -0.17,
      "Year": 1955,
    },
    Object {
      "24N-44N": -0.27,
      "24N-90N": -0.39,
      "24S-24N": -0.31,
      "24S-EQU": -0.33,
      "44N-64N": -0.61,
      "44S-24S": -0.29,
      "64N-90N": -0.31,
      "64S-44S": 0.36,
      "90S-24S": 0.02,
      "90S-64S": 0.73,
      "EQU-24N": -0.29,
      "Glob": -0.24,
      "NHem": -0.35,
      "SHem": -0.14,
      "Year": 1956,
    },
    Object {
      "24N-44N": -0.16,
      "24N-90N": 0.01,
      "24S-24N": -0.04,
      "24S-EQU": -0.01,
      "44N-64N": 0.21,
      "44S-24S": -0.05,
      "64N-90N": 0.06,
      "64S-44S": 0.17,
      "90S-24S": 0.13,
      "90S-64S": 0.53,
      "EQU-24N": -0.07,
      "Glob": 0.02,
      "NHem": -0.02,
      "SHem": 0.07,
      "Year": 1957,
    },
    Object {
      "24N-44N": 0.16,
      "24N-90N": 0.12,
      "24S-24N": 0.21,
      "24S-EQU": 0.2,
      "44N-64N": 0.2,
      "44S-24S": 0.05,
      "64N-90N": -0.12,
      "64S-44S": -0.25,
      "90S-24S": -0.14,
      "90S-64S": -0.47,
      "EQU-24N": 0.21,
      "Glob": 0.08,
      "NHem": 0.15,
      "SHem": 0.01,
      "Year": 1958,
    },
    Object {
      "24N-44N": 0.04,
      "24N-90N": 0.15,
      "24S-24N": 0.09,
      "24S-EQU": 0.12,
      "44N-64N": 0.13,
      "44S-24S": 0.05,
      "64N-90N": 0.51,
      "64S-44S": -0.41,
      "90S-24S": -0.15,
      "90S-64S": -0.3,
      "EQU-24N": 0.05,
      "Glob": 0.04,
      "NHem": 0.12,
      "SHem": -0.03,
      "Year": 1959,
    },
    Object {
      "24N-44N": 0.11,
      "24N-90N": 0.13,
      "24S-24N": -0.01,
      "24S-EQU": -0.08,
      "44N-64N": 0.03,
      "44S-24S": 0,
      "64N-90N": 0.37,
      "64S-44S": -0.09,
      "90S-24S": -0.19,
      "90S-64S": -0.81,
      "EQU-24N": 0.06,
      "Glob": -0.02,
      "NHem": 0.1,
      "SHem": -0.15,
      "Year": 1960,
    },
    Object {
      "24N-44N": 0.18,
      "24N-90N": 0.19,
      "24S-24N": -0.02,
      "24S-EQU": 0.02,
      "44N-64N": 0.37,
      "44S-24S": 0.19,
      "64N-90N": -0.12,
      "64S-44S": -0.05,
      "90S-24S": 0.12,
      "90S-64S": 0.19,
      "EQU-24N": -0.08,
      "Glob": 0.08,
      "NHem": 0.1,
      "SHem": 0.08,
      "Year": 1961,
    },
    Object {
      "24N-44N": 0.05,
      "24N-90N": 0.24,
      "24S-24N": -0.05,
      "24S-EQU": -0.07,
      "44N-64N": 0.32,
      "44S-24S": 0.05,
      "64N-90N": 0.61,
      "64S-44S": 0.2,
      "90S-24S": -0.08,
      "90S-64S": -0.75,
      "EQU-24N": -0.04,
      "Glob": 0.03,
      "NHem": 0.14,
      "SHem": -0.07,
      "Year": 1962,
    },
    Object {
      "24N-44N": 0.1,
      "24N-90N": 0.17,
      "24S-24N": 0.02,
      "24S-EQU": -0.02,
      "44N-64N": 0.34,
      "44S-24S": -0.06,
      "64N-90N": 0,
      "64S-44S": -0.28,
      "90S-24S": -0.09,
      "90S-64S": 0.09,
      "EQU-24N": 0.06,
      "Glob": 0.03,
      "NHem": 0.13,
      "SHem": -0.06,
      "Year": 1963,
    },
    Object {
      "24N-44N": -0.18,
      "24N-90N": -0.3,
      "24S-24N": -0.12,
      "24S-EQU": -0.14,
      "44N-64N": -0.32,
      "44S-24S": -0.32,
      "64N-90N": -0.59,
      "64S-44S": -0.4,
      "90S-24S": -0.35,
      "90S-64S": -0.34,
      "EQU-24N": -0.1,
      "Glob": -0.24,
      "NHem": -0.23,
      "SHem": -0.25,
      "Year": 1964,
    },
    Object {
      "24N-44N": -0.17,
      "24N-90N": -0.21,
      "24S-24N": -0.15,
      "24S-EQU": -0.14,
      "44N-64N": -0.27,
      "44S-24S": -0.16,
      "64N-90N": -0.19,
      "64S-44S": -0.14,
      "90S-24S": -0.13,
      "90S-64S": -0.05,
      "EQU-24N": -0.16,
      "Glob": -0.16,
      "NHem": -0.19,
      "SHem": -0.13,
      "Year": 1965,
    },
    Object {
      "24N-44N": 0.14,
      "24N-90N": -0.13,
      "24S-24N": 0.05,
      "24S-EQU": 0,
      "44N-64N": -0.16,
      "44S-24S": -0.22,
      "64N-90N": -0.74,
      "64S-44S": -0.26,
      "90S-24S": -0.14,
      "90S-64S": 0.19,
      "EQU-24N": 0.11,
      "Glob": -0.06,
      "NHem": -0.04,
      "SHem": -0.08,
      "Year": 1966,
    },
    Object {
      "24N-44N": -0.16,
      "24N-90N": 0.1,
      "24S-24N": -0.14,
      "24S-EQU": -0.12,
      "44N-64N": 0.25,
      "44S-24S": -0.02,
      "64N-90N": 0.47,
      "64S-44S": -0.06,
      "90S-24S": 0.05,
      "90S-64S": 0.34,
      "EQU-24N": -0.15,
      "Glob": -0.01,
      "NHem": 0.01,
      "SHem": -0.03,
      "Year": 1967,
    },
    Object {
      "24N-44N": -0.11,
      "24N-90N": -0.1,
      "24S-24N": -0.16,
      "24S-EQU": -0.21,
      "44N-64N": 0.01,
      "44S-24S": -0.13,
      "64N-90N": -0.29,
      "64S-44S": 0.25,
      "90S-24S": 0,
      "90S-64S": -0.02,
      "EQU-24N": -0.11,
      "Glob": -0.09,
      "NHem": -0.1,
      "SHem": -0.09,
      "Year": 1968,
    },
    Object {
      "24N-44N": -0.1,
      "24N-90N": -0.22,
      "24S-24N": 0.25,
      "24S-EQU": 0.23,
      "44N-64N": -0.51,
      "44S-24S": 0.01,
      "64N-90N": 0.01,
      "64S-44S": -0.22,
      "90S-24S": -0.05,
      "90S-64S": 0.04,
      "EQU-24N": 0.27,
      "Glob": 0.02,
      "NHem": -0.04,
      "SHem": 0.07,
      "Year": 1969,
    },
    Object {
      "24N-44N": 0.05,
      "24N-90N": -0.04,
      "24S-24N": 0.11,
      "24S-EQU": 0.1,
      "44N-64N": -0.1,
      "44S-24S": 0.07,
      "64N-90N": -0.19,
      "64S-44S": 0.07,
      "90S-24S": 0.14,
      "90S-64S": 0.4,
      "EQU-24N": 0.12,
      "Glob": 0.07,
      "NHem": 0.01,
      "SHem": 0.12,
      "Year": 1970,
    },
    Object {
      "24N-44N": -0.1,
      "24N-90N": -0.08,
      "24S-24N": -0.21,
      "24S-EQU": -0.17,
      "44N-64N": -0.04,
      "44S-24S": -0.06,
      "64N-90N": -0.12,
      "64S-44S": 0.28,
      "90S-24S": 0.13,
      "90S-64S": 0.38,
      "EQU-24N": -0.24,
      "Glob": -0.07,
      "NHem": -0.14,
      "SHem": 0,
      "Year": 1971,
    },
    Object {
      "24N-44N": -0.3,
      "24N-90N": -0.4,
      "24S-24N": 0.12,
      "24S-EQU": 0.19,
      "44N-64N": -0.57,
      "44S-24S": 0.15,
      "64N-90N": -0.33,
      "64S-44S": -0.07,
      "90S-24S": 0.19,
      "90S-64S": 0.64,
      "EQU-24N": 0.04,
      "Glob": -0.02,
      "NHem": -0.24,
      "SHem": 0.19,
      "Year": 1972,
    },
    Object {
      "24N-44N": 0.09,
      "24N-90N": 0.17,
      "24S-24N": 0.28,
      "24S-EQU": 0.36,
      "44N-64N": 0.28,
      "44S-24S": 0.2,
      "64N-90N": 0.18,
      "64S-44S": 0.07,
      "90S-24S": 0.18,
      "90S-64S": 0.28,
      "EQU-24N": 0.2,
      "Glob": 0.22,
      "NHem": 0.18,
      "SHem": 0.26,
      "Year": 1973,
    },
    Object {
      "24N-44N": -0.17,
      "24N-90N": -0.14,
      "24S-24N": -0.18,
      "24S-EQU": -0.2,
      "44N-64N": -0.09,
      "44S-24S": 0.07,
      "64N-90N": -0.15,
      "64S-44S": 0.29,
      "90S-24S": 0.24,
      "90S-64S": 0.6,
      "EQU-24N": -0.17,
      "Glob": -0.04,
      "NHem": -0.15,
      "SHem": 0.05,
      "Year": 1974,
    },
    Object {
      "24N-44N": -0.1,
      "24N-90N": 0.1,
      "24S-24N": -0.14,
      "24S-EQU": -0.1,
      "44N-64N": 0.31,
      "44S-24S": 0.13,
      "64N-90N": 0.21,
      "64S-44S": 0.07,
      "90S-24S": 0.14,
      "90S-64S": 0.28,
      "EQU-24N": -0.19,
      "Glob": 0.02,
      "NHem": 0,
      "SHem": 0.03,
      "Year": 1975,
    },
    Object {
      "24N-44N": -0.34,
      "24N-90N": -0.27,
      "24S-24N": -0.12,
      "24S-EQU": -0.1,
      "44N-64N": -0.28,
      "44S-24S": -0.05,
      "64N-90N": -0.04,
      "64S-44S": -0.16,
      "90S-24S": -0.14,
      "90S-64S": -0.36,
      "EQU-24N": -0.14,
      "Glob": -0.17,
      "NHem": -0.22,
      "SHem": -0.13,
      "Year": 1976,
    },
    Object {
      "24N-44N": 0.14,
      "24N-90N": 0.2,
      "24S-24N": 0.21,
      "24S-EQU": 0.24,
      "44N-64N": 0.27,
      "44S-24S": 0.3,
      "64N-90N": 0.2,
      "64S-44S": 0.17,
      "90S-24S": 0.24,
      "90S-64S": 0.19,
      "EQU-24N": 0.18,
      "Glob": 0.21,
      "NHem": 0.19,
      "SHem": 0.24,
      "Year": 1977,
    },
    Object {
      "24N-44N": 0.06,
      "24N-90N": 0.04,
      "24S-24N": 0.15,
      "24S-EQU": 0.15,
      "44N-64N": 0.09,
      "44S-24S": 0.29,
      "64N-90N": -0.11,
      "64S-44S": 0.32,
      "90S-24S": 0.22,
      "90S-64S": -0.07,
      "EQU-24N": 0.16,
      "Glob": 0.14,
      "NHem": 0.08,
      "SHem": 0.19,
      "Year": 1978,
    },
    Object {
      "24N-44N": 0.27,
      "24N-90N": 0.07,
      "24S-24N": 0.31,
      "24S-EQU": 0.29,
      "44N-64N": 0.14,
      "44S-24S": 0.31,
      "64N-90N": -0.59,
      "64S-44S": 0.31,
      "90S-24S": 0.21,
      "90S-64S": -0.19,
      "EQU-24N": 0.32,
      "Glob": 0.21,
      "NHem": 0.16,
      "SHem": 0.25,
      "Year": 1979,
    },
    Object {
      "24N-44N": 0.12,
      "24N-90N": 0.14,
      "24S-24N": 0.37,
      "24S-EQU": 0.34,
      "44N-64N": 0.08,
      "44S-24S": 0.45,
      "64N-90N": 0.32,
      "64S-44S": 0.36,
      "90S-24S": 0.53,
      "90S-64S": 0.97,
      "EQU-24N": 0.39,
      "Glob": 0.35,
      "NHem": 0.23,
      "SHem": 0.45,
      "Year": 1980,
    },
    Object {
      "24N-44N": 0.32,
      "24N-90N": 0.69,
      "24S-24N": 0.25,
      "24S-EQU": 0.24,
      "44N-64N": 0.89,
      "44S-24S": 0.35,
      "64N-90N": 1.25,
      "64S-44S": 0.54,
      "90S-24S": 0.44,
      "90S-64S": 0.59,
      "EQU-24N": 0.26,
      "Glob": 0.44,
      "NHem": 0.53,
      "SHem": 0.36,
      "Year": 1981,
    },
    Object {
      "24N-44N": 0.02,
      "24N-90N": -0.02,
      "24S-24N": 0.23,
      "24S-EQU": 0.25,
      "44N-64N": 0.07,
      "44S-24S": 0.31,
      "64N-90N": -0.27,
      "64S-44S": 0.2,
      "90S-24S": 0.17,
      "90S-64S": -0.21,
      "EQU-24N": 0.22,
      "Glob": 0.14,
      "NHem": 0.07,
      "SHem": 0.21,
      "Year": 1982,
    },
    Object {
      "24N-44N": 0.15,
      "24N-90N": 0.4,
      "24S-24N": 0.48,
      "24S-EQU": 0.57,
      "44N-64N": 0.76,
      "44S-24S": 0.29,
      "64N-90N": 0.29,
      "64S-44S": 0.35,
      "90S-24S": 0.26,
      "90S-64S": 0.07,
      "EQU-24N": 0.4,
      "Glob": 0.39,
      "NHem": 0.4,
      "SHem": 0.39,
      "Year": 1983,
    },
    Object {
      "24N-44N": 0.05,
      "24N-90N": 0.13,
      "24S-24N": 0.25,
      "24S-EQU": 0.3,
      "44N-64N": 0.11,
      "44S-24S": 0.15,
      "64N-90N": 0.39,
      "64S-44S": 0.22,
      "90S-24S": 0.26,
      "90S-64S": 0.63,
      "EQU-24N": 0.19,
      "Glob": 0.22,
      "NHem": 0.15,
      "SHem": 0.28,
      "Year": 1984,
    },
    Object {
      "24N-44N": 0.11,
      "24N-90N": 0.02,
      "24S-24N": 0.21,
      "24S-EQU": 0.24,
      "44N-64N": -0.22,
      "44S-24S": 0.36,
      "64N-90N": 0.28,
      "64S-44S": 0.5,
      "90S-24S": 0.36,
      "90S-64S": 0.18,
      "EQU-24N": 0.18,
      "Glob": 0.2,
      "NHem": 0.08,
      "SHem": 0.31,
      "Year": 1985,
    },
    Object {
      "24N-44N": 0.2,
      "24N-90N": 0.2,
      "24S-24N": 0.29,
      "24S-EQU": 0.33,
      "44N-64N": 0.31,
      "44S-24S": 0.29,
      "64N-90N": 0.01,
      "64S-44S": 0.36,
      "90S-24S": 0.26,
      "90S-64S": 0.08,
      "EQU-24N": 0.24,
      "Glob": 0.26,
      "NHem": 0.22,
      "SHem": 0.29,
      "Year": 1986,
    },
    Object {
      "24N-44N": 0.42,
      "24N-90N": 0.23,
      "24S-24N": 0.63,
      "24S-EQU": 0.63,
      "44N-64N": 0.25,
      "44S-24S": 0.38,
      "64N-90N": -0.3,
      "64S-44S": 0.23,
      "90S-24S": 0.29,
      "90S-64S": 0.12,
      "EQU-24N": 0.64,
      "Glob": 0.41,
      "NHem": 0.38,
      "SHem": 0.43,
      "Year": 1987,
    },
    Object {
      "24N-44N": 0.39,
      "24N-90N": 0.54,
      "24S-24N": 0.52,
      "24S-EQU": 0.56,
      "44N-64N": 0.61,
      "44S-24S": 0.4,
      "64N-90N": 0.76,
      "64S-44S": 0.21,
      "90S-24S": 0.5,
      "90S-64S": 1.15,
      "EQU-24N": 0.47,
      "Glob": 0.52,
      "NHem": 0.51,
      "SHem": 0.53,
      "Year": 1988,
    },
    Object {
      "24N-44N": 0.33,
      "24N-90N": 0.51,
      "24S-24N": 0.24,
      "24S-EQU": 0.29,
      "44N-64N": 0.77,
      "44S-24S": 0.38,
      "64N-90N": 0.48,
      "64S-44S": 0.63,
      "90S-24S": 0.45,
      "90S-64S": 0.38,
      "EQU-24N": 0.18,
      "Glob": 0.38,
      "NHem": 0.39,
      "SHem": 0.38,
      "Year": 1989,
    },
    Object {
      "24N-44N": 0.66,
      "24N-90N": 0.75,
      "24S-24N": 0.48,
      "24S-EQU": 0.49,
      "44N-64N": 0.9,
      "44S-24S": 0.37,
      "64N-90N": 0.66,
      "64S-44S": 0.42,
      "90S-24S": 0.39,
      "90S-64S": 0.39,
      "EQU-24N": 0.46,
      "Glob": 0.53,
      "NHem": 0.64,
      "SHem": 0.43,
      "Year": 1990,
    },
    Object {
      "24N-44N": 0.4,
      "24N-90N": 0.59,
      "24S-24N": 0.44,
      "24S-EQU": 0.43,
      "44N-64N": 0.7,
      "44S-24S": 0.44,
      "64N-90N": 0.83,
      "64S-44S": 0.48,
      "90S-24S": 0.59,
      "90S-64S": 1.08,
      "EQU-24N": 0.44,
      "Glob": 0.53,
      "NHem": 0.53,
      "SHem": 0.52,
      "Year": 1991,
    },
    Object {
      "24N-44N": 0.1,
      "24N-90N": 0.14,
      "24S-24N": 0.34,
      "24S-EQU": 0.41,
      "44N-64N": 0.34,
      "44S-24S": 0.17,
      "64N-90N": -0.12,
      "64S-44S": 0.04,
      "90S-24S": 0.2,
      "90S-64S": 0.46,
      "EQU-24N": 0.26,
      "Glob": 0.24,
      "NHem": 0.19,
      "SHem": 0.29,
      "Year": 1992,
    },
    Object {
      "24N-44N": 0.04,
      "24N-90N": 0.23,
      "24S-24N": 0.38,
      "24S-EQU": 0.4,
      "44N-64N": 0.27,
      "44S-24S": 0.26,
      "64N-90N": 0.63,
      "64S-44S": 0.25,
      "90S-24S": 0.18,
      "90S-64S": -0.11,
      "EQU-24N": 0.35,
      "Glob": 0.27,
      "NHem": 0.27,
      "SHem": 0.28,
      "Year": 1993,
    },
    Object {
      "24N-44N": 0.64,
      "24N-90N": 0.55,
      "24S-24N": 0.39,
      "24S-EQU": 0.4,
      "44N-64N": 0.52,
      "44S-24S": 0.4,
      "64N-90N": 0.4,
      "64S-44S": 0.09,
      "90S-24S": 0.22,
      "90S-64S": -0.07,
      "EQU-24N": 0.39,
      "Glob": 0.39,
      "NHem": 0.49,
      "SHem": 0.3,
      "Year": 1994,
    },
    Object {
      "24N-44N": 0.6,
      "24N-90N": 0.92,
      "24S-24N": 0.56,
      "24S-EQU": 0.6,
      "44N-64N": 1.1,
      "44S-24S": 0.36,
      "64N-90N": 1.37,
      "64S-44S": -0.02,
      "90S-24S": 0.21,
      "90S-64S": 0.11,
      "EQU-24N": 0.52,
      "Glob": 0.56,
      "NHem": 0.78,
      "SHem": 0.38,
      "Year": 1995,
    },
    Object {
      "24N-44N": 0.32,
      "24N-90N": 0.41,
      "24S-24N": 0.45,
      "24S-EQU": 0.45,
      "44N-64N": 0.29,
      "44S-24S": 0.32,
      "64N-90N": 0.88,
      "64S-44S": 0.67,
      "90S-24S": 0.6,
      "90S-64S": 1.19,
      "EQU-24N": 0.46,
      "Glob": 0.49,
      "NHem": 0.43,
      "SHem": 0.54,
      "Year": 1996,
    },
    Object {
      "24N-44N": 0.52,
      "24N-90N": 0.73,
      "24S-24N": 0.56,
      "24S-EQU": 0.54,
      "44N-64N": 0.94,
      "44S-24S": 0.47,
      "64N-90N": 0.83,
      "64S-44S": 0.27,
      "90S-24S": 0.33,
      "90S-64S": 0.04,
      "EQU-24N": 0.58,
      "Glob": 0.54,
      "NHem": 0.68,
      "SHem": 0.42,
      "Year": 1997,
    },
    Object {
      "24N-44N": 1.02,
      "24N-90N": 0.99,
      "24S-24N": 0.97,
      "24S-EQU": 1,
      "44N-64N": 0.96,
      "44S-24S": 0.57,
      "64N-90N": 0.96,
      "64S-44S": 0.55,
      "90S-24S": 0.5,
      "90S-64S": 0.25,
      "EQU-24N": 0.95,
      "Glob": 0.84,
      "NHem": 0.98,
      "SHem": 0.71,
      "Year": 1998,
    },
    Object {
      "24N-44N": 1,
      "24N-90N": 0.86,
      "24S-24N": 0.46,
      "24S-EQU": 0.49,
      "44N-64N": 0.86,
      "44S-24S": 0.67,
      "64N-90N": 0.52,
      "64S-44S": 0.5,
      "90S-24S": 0.5,
      "90S-64S": 0.09,
      "EQU-24N": 0.43,
      "Glob": 0.59,
      "NHem": 0.7,
      "SHem": 0.5,
      "Year": 1999,
    },
    Object {
      "24N-44N": 0.72,
      "24N-90N": 0.86,
      "24S-24N": 0.45,
      "24S-EQU": 0.41,
      "44N-64N": 0.88,
      "44S-24S": 0.52,
      "64N-90N": 1.19,
      "64S-44S": 0.43,
      "90S-24S": 0.47,
      "90S-64S": 0.37,
      "EQU-24N": 0.49,
      "Glob": 0.58,
      "NHem": 0.73,
      "SHem": 0.44,
      "Year": 2000,
    },
    Object {
      "24N-44N": 0.97,
      "24N-90N": 0.96,
      "24S-24N": 0.58,
      "24S-EQU": 0.5,
      "44N-64N": 0.9,
      "44S-24S": 0.5,
      "64N-90N": 1.08,
      "64S-44S": 0.48,
      "90S-24S": 0.5,
      "90S-64S": 0.5,
      "EQU-24N": 0.67,
      "Glob": 0.67,
      "NHem": 0.86,
      "SHem": 0.5,
      "Year": 2001,
    },
    Object {
      "24N-44N": 0.88,
      "24N-90N": 1.07,
      "24S-24N": 0.77,
      "24S-EQU": 0.73,
      "44N-64N": 1.13,
      "44S-24S": 0.48,
      "64N-90N": 1.4,
      "64S-44S": 0.43,
      "90S-24S": 0.57,
      "90S-64S": 0.93,
      "EQU-24N": 0.81,
      "Glob": 0.8,
      "NHem": 0.97,
      "SHem": 0.64,
      "Year": 2002,
    },
    Object {
      "24N-44N": 0.72,
      "24N-90N": 1.06,
      "24S-24N": 0.75,
      "24S-EQU": 0.72,
      "44N-64N": 1.23,
      "44S-24S": 0.55,
      "64N-90N": 1.58,
      "64S-44S": 0.41,
      "90S-24S": 0.53,
      "90S-64S": 0.61,
      "EQU-24N": 0.78,
      "Glob": 0.78,
      "NHem": 0.96,
      "SHem": 0.61,
      "Year": 2003,
    },
    Object {
      "24N-44N": 0.9,
      "24N-90N": 0.94,
      "24S-24N": 0.67,
      "24S-EQU": 0.56,
      "44N-64N": 1.13,
      "44S-24S": 0.57,
      "64N-90N": 0.66,
      "64S-44S": 0.56,
      "90S-24S": 0.45,
      "90S-64S": 0.02,
      "EQU-24N": 0.78,
      "Glob": 0.68,
      "NHem": 0.88,
      "SHem": 0.5,
      "Year": 2004,
    },
    Object {
      "24N-44N": 0.73,
      "24N-90N": 1.2,
      "24S-24N": 0.83,
      "24S-EQU": 0.78,
      "44N-64N": 1.33,
      "44S-24S": 0.6,
      "64N-90N": 2.09,
      "64S-44S": 0.46,
      "90S-24S": 0.62,
      "90S-64S": 0.83,
      "EQU-24N": 0.87,
      "Glob": 0.88,
      "NHem": 1.08,
      "SHem": 0.69,
      "Year": 2005,
    },
    Object {
      "24N-44N": 0.97,
      "24N-90N": 1.16,
      "24S-24N": 0.66,
      "24S-EQU": 0.57,
      "44N-64N": 1.12,
      "44S-24S": 0.62,
      "64N-90N": 1.69,
      "64S-44S": 0.42,
      "90S-24S": 0.51,
      "90S-64S": 0.37,
      "EQU-24N": 0.75,
      "Glob": 0.77,
      "NHem": 1.01,
      "SHem": 0.54,
      "Year": 2006,
    },
    Object {
      "24N-44N": 0.97,
      "24N-90N": 1.32,
      "24S-24N": 0.68,
      "24S-EQU": 0.62,
      "44N-64N": 1.42,
      "44S-24S": 0.5,
      "64N-90N": 1.96,
      "64S-44S": 0.35,
      "90S-24S": 0.61,
      "90S-64S": 1.16,
      "EQU-24N": 0.74,
      "Glob": 0.85,
      "NHem": 1.11,
      "SHem": 0.61,
      "Year": 2007,
    },
    Object {
      "24N-44N": 0.74,
      "24N-90N": 0.98,
      "24S-24N": 0.52,
      "24S-EQU": 0.49,
      "44N-64N": 1.05,
      "44S-24S": 0.53,
      "64N-90N": 1.4,
      "64S-44S": 0.37,
      "90S-24S": 0.47,
      "90S-64S": 0.47,
      "EQU-24N": 0.56,
      "Glob": 0.64,
      "NHem": 0.82,
      "SHem": 0.48,
      "Year": 2008,
    },
    Object {
      "24N-44N": 0.86,
      "24N-90N": 0.87,
      "24S-24N": 0.82,
      "24S-EQU": 0.74,
      "44N-64N": 0.68,
      "44S-24S": 0.68,
      "64N-90N": 1.27,
      "64S-44S": 0.43,
      "90S-24S": 0.66,
      "90S-64S": 0.87,
      "EQU-24N": 0.92,
      "Glob": 0.79,
      "NHem": 0.89,
      "SHem": 0.69,
      "Year": 2009,
    },
    Object {
      "24N-44N": 1.09,
      "24N-90N": 1.23,
      "24S-24N": 0.97,
      "24S-EQU": 0.89,
      "44N-64N": 1.05,
      "44S-24S": 0.62,
      "64N-90N": 1.94,
      "64S-44S": 0.43,
      "90S-24S": 0.53,
      "90S-64S": 0.42,
      "EQU-24N": 1.06,
      "Glob": 0.92,
      "NHem": 1.17,
      "SHem": 0.68,
      "Year": 2010,
    },
    Object {
      "24N-44N": 0.72,
      "24N-90N": 1.1,
      "24S-24N": 0.6,
      "24S-EQU": 0.52,
      "44N-64N": 1.05,
      "44S-24S": 0.69,
      "64N-90N": 2.12,
      "64S-44S": 0.49,
      "90S-24S": 0.68,
      "90S-64S": 0.93,
      "EQU-24N": 0.68,
      "Glob": 0.78,
      "NHem": 0.95,
      "SHem": 0.62,
      "Year": 2011,
    },
    Object {
      "24N-44N": 0.96,
      "24N-90N": 1.12,
      "24S-24N": 0.69,
      "24S-EQU": 0.61,
      "44N-64N": 0.92,
      "44S-24S": 0.64,
      "64N-90N": 1.88,
      "64S-44S": 0.34,
      "90S-24S": 0.5,
      "90S-64S": 0.35,
      "EQU-24N": 0.78,
      "Glob": 0.76,
      "NHem": 1,
      "SHem": 0.55,
      "Year": 2012,
    },
    Object {
      "24N-44N": 0.82,
      "24N-90N": 1.01,
      "24S-24N": 0.77,
      "24S-EQU": 0.71,
      "44N-64N": 1.15,
      "44S-24S": 0.72,
      "64N-90N": 1.2,
      "64S-44S": 0.45,
      "90S-24S": 0.66,
      "90S-64S": 0.75,
      "EQU-24N": 0.84,
      "Glob": 0.81,
      "NHem": 0.95,
      "SHem": 0.68,
      "Year": 2013,
    },
    Object {
      "24N-44N": 0.94,
      "24N-90N": 1.26,
      "24S-24N": 0.81,
      "24S-EQU": 0.74,
      "44N-64N": 1.36,
      "44S-24S": 0.78,
      "64N-90N": 1.82,
      "64S-44S": 0.24,
      "90S-24S": 0.59,
      "90S-64S": 0.54,
      "EQU-24N": 0.89,
      "Glob": 0.88,
      "NHem": 1.13,
      "SHem": 0.65,
      "Year": 2014,
    },
    Object {
      "24N-44N": 1.24,
      "24N-90N": 1.46,
      "24S-24N": 1.04,
      "24S-EQU": 0.97,
      "44N-64N": 1.63,
      "44S-24S": 0.85,
      "64N-90N": 1.65,
      "64S-44S": 0.16,
      "90S-24S": 0.43,
      "90S-64S": -0.25,
      "EQU-24N": 1.11,
      "Glob": 0.98,
      "NHem": 1.33,
      "SHem": 0.66,
      "Year": 2015,
    },
    Object {
      "24N-44N": 1.43,
      "24N-90N": 1.83,
      "24S-24N": 1.21,
      "24S-EQU": 1.14,
      "44N-64N": 1.71,
      "44S-24S": 0.77,
      "64N-90N": 3.03,
      "64S-44S": 0.64,
      "90S-24S": 0.68,
      "90S-64S": 0.51,
      "EQU-24N": 1.29,
      "Glob": 1.24,
      "NHem": 1.64,
      "SHem": 0.88,
      "Year": 2016,
    },
    Object {
      "24N-44N": 1.31,
      "24N-90N": 1.55,
      "24S-24N": 1.01,
      "24S-EQU": 0.97,
      "44N-64N": 1.57,
      "44S-24S": 0.96,
      "64N-90N": 2.09,
      "64S-44S": 0.68,
      "90S-24S": 0.86,
      "90S-64S": 0.81,
      "EQU-24N": 1.06,
      "Glob": 1.13,
      "NHem": 1.37,
      "SHem": 0.91,
      "Year": 2017,
    },
  ],
  "placeProperties": Object {
    "24N-44N": Object {
      "color": "#3bbbce",
      "order": 5,
      "text": "24N-44N",
    },
    "24N-90N": Object {
      "color": "#5b924e",
      "order": 2,
      "text": "24N-90N",
    },
    "24S-24N": Object {
      "color": "#cc4c76",
      "order": 7,
      "text": "24S-24N",
    },
    "24S-EQU": Object {
      "color": "#5a5b12",
      "order": 8,
      "text": "24S-EQU",
    },
    "44N-64N": Object {
      "color": "#ab5fab",
      "order": 4,
      "text": "44N-64N",
    },
    "44S-24S": Object {
      "color": "#416920",
      "order": 9,
      "text": "44S-24S",
    },
    "64N-90N": Object {
      "color": "#fc9127",
      "order": 3,
      "text": "64N-90N",
    },
    "64S-44S": Object {
      "color": "#f25d22",
      "order": 10,
      "text": "64S-44S",
    },
    "90S-24S": Object {
      "color": "#7c213e",
      "order": 12,
      "text": "90S-24S",
    },
    "90S-64S": Object {
      "color": "#3e587a",
      "order": 11,
      "text": "90S-64S",
    },
    "EQU-24N": Object {
      "color": "#0712be",
      "order": 6,
      "text": "EQU-24N",
    },
    "Glob": Object {
      "color": "#ff0000",
      "order": 0,
      "text": "Global",
    },
    "NHem": Object {
      "color": "#0391f9",
      "order": 1,
      "text": "Northern hemisphere",
    },
    "SHem": Object {
      "color": "#310035",
      "order": 13,
      "text": "Southern hemisphere",
    },
  },
}
`;
