// Jest Snapshot v1, https://goo.gl/fbAQLP

exports[`<MainFrame /> should render correctly 1`] = `
<div
  className="data-vis-container"
>
  <div
    className="data-vis-header"
  >
    <p
      className="data-vis-header-1"
    >
      Focusable Timeline
    </p>
  </div>
  <div
    className="data-vis-body"
  >
    <div
      className="data-vis-chart"
      tabIndex={-1}
    />
  </div>
  <div
    className="data-vis-footer"
  />
</div>
`;

exports[`<MainFrame /> should render correctly 2`] = `""`;

exports[`<MainFrame /> should render the svg element 1`] = `
<div>
  <div
    class="data-vis-container"
  >
    <div
      class="data-vis-header"
    >
      <p
        class="data-vis-header-1"
      >
        Focusable Timeline
      </p>
    </div>
    <div
      class="data-vis-body"
    >
      <div
        class="data-vis-chart"
        tabindex="-1"
      >
        <svg
          height="1000"
          viewBox="0, 0, 100, 100"
          width="1000"
        />
      </div>
    </div>
    <div
      class="data-vis-footer"
    />
  </div>
</div>
`;
